// Jest Snapshot v1, https://goo.gl/fbAQLP

exports[`ResourceCard renders the component 1`] = `
<div>
  <div
    class=" rounded relative py-4 px-4 text-white h-full"
  >
    <div
      class=" rounded absolute top-0 right-0 bottom-0 left-0 bg-slate-900/80 z-20"
    />
    <div
      class="rounded overflow-hidden absolute top-0 right-0 bottom-0 left-0 z-10"
    >
      <div
        class="w-full h-full bg-cover bg-no-repeat"
        role="img"
        style="background-image: url(https://source.unsplash.com/random/50x50);"
      />
    </div>
    <div
      class="relative z-30 h-full grid grid-rows-[min-content_2fr_1fr_36px] gap-5"
    >
      <div
        class="text-right"
      >
        <span>
          216 months ago
        </span>
      </div>
      <p
        class="py-0 max-h-[calc(2.5rem*4)]
            text-xl text-multiline-overflow-mixin
            text-ellipsis [-webkit-line-clamp:4]"
      >
        Itaque velit omnis et.
      </p>
      <p
        class="self-center max-h-[calc(2rem*4)] text-lg text-multiline-overflow-mixin text-ellipsis [-webkit-line-clamp:2]"
      >
        Porro ut et ipsam explicabo eligendi occaecati debitis et saepe eum dicta.
      </p>
      <div
        class="sc-bczRLJ kQZhXl flex justify-around"
      >
        <span
          class="relative z-20"
          title="Save Button"
        >
          <svg />
        </span>
        <span
          title="Share Button"
        >
          <svg />
        </span>
      </div>
    </div>
  </div>
</div>
`;
