// Jest Snapshot v1, https://goo.gl/fbAQLP

exports[`Login renders login page 1`] = `
<div>
  <div
    class="h-screen flex flex-col justify-center items-center"
  >
    <button
      class="text-white bg-[#4285F4] hover:bg-[#4285F4]/90 focus:ring-4 focus:outline-none focus:ring-[#4285F4]/50 font-medium rounded-lg text-sm px-5 py-2.5 text-center inline-flex items-center dark:focus:ring-[#4285F4]/55 mr-2 mb-2"
      type="button"
    >
      <svg
        aria-hidden="true"
        class="mr-2 -ml-1 w-4 h-4"
        data-icon="google"
        data-prefix="fab"
        focusable="false"
        role="img"
        viewBox="0 0 488 512"
        xmlns="http://www.w3.org/2000/svg"
      >
        <path
          d="M488 261.8C488 403.3 391.1 504 248 504 110.8 504 0 393.2 0 256S110.8 8 248 8c66.8 0 123 24.5 166.3 64.9l-67.5 64.9C258.5 52.6 94.3 116.6 94.3 256c0 86.5 69.1 156.6 153.7 156.6 98.2 0 135-70.4 140.8-106.9H248v-85.3h236.1c2.3 12.7 3.9 24.9 3.9 41.4z"
          fill="currentColor"
        />
      </svg>
      Sign in with Google
    </button>
    <div
      class="p-4 mb-4 text-sm text-stone-800 bg-amber-300 rounded-lg dark:bg-red-200 dark:text-red-800"
      role="alert"
    >
      <span
        class="font-regular"
      >
        We are syncing your data. Please wait a moment.
      </span>
      <span
        class="px-2"
      >
        <svg
          aria-hidden="true"
          class="animate-spin inline-block text-stone-800"
          data-icon="loading"
          fill="currentColor"
          focusable="false"
          height="18px"
          viewBox="0 0 1024 1024"
          width="18px"
        >
          <path
            d="M988 548c-19.9 0-36-16.1-36-36 0-59.4-11.6-117-34.6-171.3a440.45 440.45 0 00-94.3-139.9 437.71 437.71 0 00-139.9-94.3C629 83.6 571.4 72 512 72c-19.9 0-36-16.1-36-36s16.1-36 36-36c69.1 0 136.2 13.5 199.3 40.3C772.3 66 827 103 874 150c47 47 83.9 101.8 109.7 162.7 26.7 63.1 40.2 130.2 40.2 199.3.1 19.9-16 36-35.9 36z"
          />
        </svg>
      </span>
    </div>
  </div>
</div>
`;
