// Jest Snapshot v1, https://goo.gl/fbAQLP

exports[`renders homepage unchanged 1`] = `
<div>
  <div>
    <div
      class="mocked-framer-motion-AnimatePresence"
    />
    <div
      class="grid grid-rows-[320px_min-content_min-content] min-h-[calc(100vh-72px)]"
    >
      <div
        class="text-stone-900 leading-tight text-4xl max-w-[80%] mx-6"
      >
        VIT, a curated feed of tons of interesting articles, news, tutorials... things.
      </div>
      <div
        class="px-1 grid gap-1 grid-cols-2 md:grid-cols-3 lg:grid-cols-4"
      />
    </div>
  </div>
</div>
`;
